---
source: assert-struct/tests/basic.rs
expression: message
---
assert_struct! failed:

   | User {
mismatch:
  --> `user.name` (line 18)
   |     name: "Bob",
   |           ^^^^^ actual: "Alice"
   | }
