---
source: assert-struct/tests/basic.rs
expression: message
---
assert_struct! failed:

   | TupleHolder {
tuple mismatch:
  --> `holder.data` (line 17)
   |     data: (60, "test"),
   |            ^^ actual: 50
   | }
