---
source: assert-struct/tests/basic.rs
expression: message
---
assert_struct! failed:

   | DataHolder {
mismatch:
  --> `data.values` (line 18)
   |     values: &[1, 2, 4],
   |             ^^^^^^^^^^ actual: [1, 2, 3]
   | }
