---
source: assert-struct/tests/closures.rs
expression: message
---
assert_struct! failed:

   | TestData {
mismatch:
  --> `data.value` (line 37)
   |     value: | x : & i32 | * x > 40,
   |            ^^^^^^^^^^^^^^^^^^^^^^ actual: 30
   | }
