---
source: assert-struct/tests/comparison.rs
expression: message
---
assert_struct! failed:

   | Person {
mismatch:
  --> `person.height` (line 23)
   |     height: < 6.0,
   |             ^^^^^ actual: 6.2
   | }
