---
source: assert-struct/tests/enum_struct_patterns.rs
expression: message
---
assert_struct! failed:

   | Request { ... Query {
mismatch:
  --> `request.statement.Query.name` (line 33)
   |     name: "get_items",
   |           ^^^^^^^^^^^ actual: "select_users"
   | } ... }
