---
source: assert-struct/tests/enums.rs
expression: message
---
assert_struct! failed:

   | Account {
mismatch:
  --> `account.status` (line 23)
   | Status :: Active
   | ^^^^^^^^^^^^^^^^ actual: Inactive
   | }
