---
source: assert-struct/tests/enums.rs
expression: message
---
assert_struct! failed:

mismatch:
  --> `value` (line 7)
   | None
   | ^^^^ actual: Some(..)
