---
source: assert-struct/tests/error_messages.rs
expression: message
---
assert_struct! failed:

comparison mismatch:
  --> `data.value.Some` (assert-struct/tests/error_messages/option_with_comparison.rs:11)
  actual: 25
  expected: > 30
