---
source: assert-struct/tests/field_operations.rs
expression: message
---
assert_struct! failed:

   | NestedStruct { ... InnerStruct {
mismatch:
  --> `test.inner.*rc_value` (line 26)
   |     *rc_value: "goodbye",
   |                ^^^^^^^^^ actual: "hello"
   | } ... }
