---
source: assert-struct/tests/field_operations.rs
expression: message
---
assert_struct! failed:

   | TestStruct {
mismatch:
  --> `test.*boxed_value` (line 17)
   |     *boxed_value: 99,
   |                   ^^ actual: 42
   | }
