---
source: assert-struct/tests/field_operations.rs
expression: message
---
assert_struct! failed:

   | TestStruct {
mismatch:
  --> `test.*boxed_vec.[2]` (line 15)
   |     [2]: 4,
   |          ^ actual: 3
   | }
