---
source: assert-struct/tests/index_operations.rs
expression: message
---
assert_struct! failed:

   | Data {
mismatch:
  --> `data.matrix[0][1]` (line 15)
   |     matrix[0][1]: 5,
   |                   ^ actual: 2
   | }
