---
source: assert-struct/tests/index_operations.rs
expression: message
---
assert_struct! failed:

   | Data {
mismatch:
  --> `data.values[1]` (line 15)
   |     values[1]: 25,
   |                ^^ actual: 20
   | }
