---
source: assert-struct/tests/multiple_failures.rs
expression: message
---
assert_struct! failed:

   | User {
mismatch:
  --> `user.age` (line 22)
   |     age: > 30,
   |          ^^^^ actual: 25
   | }
