---
source: assert-struct/tests/ranges.rs
expression: message
---
assert_struct! failed:

   | Person {
range mismatch:
  --> `person.age` (line 11)
   |     age: 18 ..= 65,
   |          ^^^^^^^^^ actual: 75
   | }
