---
source: assert-struct/tests/regex.rs
expression: message
---
assert_struct! failed:

   | User {
regex pattern mismatch:
  --> `user.email` (line 14)
   |     email: =~ r"@example\.com$",
   |            ^^^^^^^^^^^^^^^^^^^^ actual: "alice@wrong.com"
   | }
