---
source: assert-struct/tests/slices.rs
expression: message
---
assert_struct! failed:

   | Data {
value mismatch:
  --> `data.values.[1]` (line 14)
   |     values: &[1, 5, 3],
   |  actual: 2
   | }
