---
source: assert-struct/tests/slices.rs
expression: message
---
assert_struct! failed:

   | Container {
mismatch:
  --> `container.items.[2]` (line 21)
   |     [2]: 4,
   |          ^ actual: 3
   | }
