---
source: assert-struct/tests/tuples.rs
expression: message
---
assert_struct! failed:

   | TupleHolder {
mismatch:
  --> `holder.pair` (line 19)
   |     pair: (> 100, "other"),
   |            ^^^^^ actual: 75
   | }
