---
source: assert-struct/tests/tuples.rs
expression: message
---
assert_struct! failed:

   | Response {
mismatch:
  --> `response.data.Ok` (line 21)
   |     data: Ok((100, "different".to_string())),
   |              ^^^^^^^^^^^^^^^^^^^^^^^^^^^^^^ actual: (42, "success")
   | }
