---
source: assert-struct/tests/tuples.rs
expression: message
---
assert_struct! failed:

   | TupleHolder {
mismatch:
  --> `holder.triple` (line 20)
   |     triple: (100, "expected", false),
   |              ^^^ actual: 42
   | }
